// Jest Snapshot v1, https://goo.gl/fbAQLP

exports[`snapshot test iam is created 1`] = `
Object {
  "Resources": Object {
    "MyTestStacktesttestgroupInlinePolicy21AA5C8E": Object {
      "Properties": Object {
        "Groups": Array [
          Object {
            "Ref": "testtestgroup35B39A5B",
          },
        ],
        "PolicyDocument": Object {
          "Statement": Array [
            Object {
              "Action": Array [
                "ecr:DescribeImageScanFindings",
                "ecr:GetLifecyclePolicyPreview",
                "ecr:GetDownloadUrlForLayer",
                "ecr:BatchGetImage",
                "ecr:DescribeImages",
                "ecr:GetAuthorizationToken",
                "ecr:DescribeRepositories",
                "ecr:ListTagsForResource",
                "ecr:ListImages",
                "ecr:BatchCheckLayerAvailability",
                "ecr:GetRepositoryPolicy",
                "ecr:GetLifecyclePolicy",
                "ecr-public:GetAuthorizationToken",
                "sts:GetServiceBearerToken",
                "ecr-public:BatchCheckLayerAvailability",
                "ecr-public:GetRepositoryPolicy",
                "ecr-public:DescribeRepositories",
                "ecr-public:DescribeRegistries",
                "ecr-public:DescribeImages",
                "ecr-public:DescribeImageTags",
                "ecr-public:GetRepositoryCatalogData",
                "ecr-public:GetRegistryCatalogData",
              ],
              "Condition": Object {
                "IpAddress": Object {
                  "aws:SourceIp": Array [
                    "0.0.0.0/0",
                  ],
                },
              },
              "Effect": "Allow",
              "Resource": "*",
              "Sid": "VisualEditor0",
            },
          ],
          "Version": "2012-10-17",
        },
        "PolicyName": "MyTestStacktesttestgroupInlinePolicy21AA5C8E",
      },
      "Type": "AWS::IAM::Policy",
    },
    "testtestgroup35B39A5B": Object {
      "Properties": Object {
        "GroupName": "test-test-group",
      },
      "Type": "AWS::IAM::Group",
    },
    "testuser19D7501B4": Object {
      "Properties": Object {
        "Groups": Array [
          Object {
            "Ref": "testtestgroup35B39A5B",
          },
        ],
        "UserName": "test-user1",
      },
      "Type": "AWS::IAM::User",
    },
    "testuser1policyAF1C3FE3": Object {
      "Properties": Object {
        "PolicyDocument": Object {
          "Statement": Array [
            Object {
              "Action": Array [
                "ecr:CompleteLayerUpload",
                "ecr:InitiateLayerUpload",
                "ecr:PutImage",
                "ecr:UploadLayerPart",
                "ecr-public:CompleteLayerUpload",
                "ecr-public:InitiateLayerUpload",
                "ecr-public:PutImage",
                "ecr-public:UploadLayerPart",
              ],
              "Condition": Object {
                "IpAddress": Object {
                  "aws:SourceIp": Array [
                    "0.0.0.0/0",
                  ],
                },
              },
              "Effect": "Allow",
              "Resource": "arn:aws:ecr:*:*:repository/test-user1/*",
              "Sid": "AllowPush",
            },
          ],
          "Version": "2012-10-17",
        },
        "PolicyName": "testuser1policyAF1C3FE3",
        "Users": Array [
          Object {
            "Ref": "testuser19D7501B4",
          },
        ],
      },
      "Type": "AWS::IAM::Policy",
    },
    "testuser23C5E23F4": Object {
      "Properties": Object {
        "Groups": Array [
          Object {
            "Ref": "testtestgroup35B39A5B",
          },
        ],
        "UserName": "test-user2",
      },
      "Type": "AWS::IAM::User",
    },
    "testuser2policy70FDC9F5": Object {
      "Properties": Object {
        "PolicyDocument": Object {
          "Statement": Array [
            Object {
              "Action": Array [
                "ecr:CompleteLayerUpload",
                "ecr:InitiateLayerUpload",
                "ecr:PutImage",
                "ecr:UploadLayerPart",
                "ecr-public:CompleteLayerUpload",
                "ecr-public:InitiateLayerUpload",
                "ecr-public:PutImage",
                "ecr-public:UploadLayerPart",
              ],
              "Condition": Object {
                "IpAddress": Object {
                  "aws:SourceIp": Array [
                    "0.0.0.0/0",
                  ],
                },
              },
              "Effect": "Allow",
              "Resource": "arn:aws:ecr:*:*:repository/test-user2/*",
              "Sid": "AllowPush",
            },
          ],
          "Version": "2012-10-17",
        },
        "PolicyName": "testuser2policy70FDC9F5",
        "Users": Array [
          Object {
            "Ref": "testuser23C5E23F4",
          },
        ],
      },
      "Type": "AWS::IAM::Policy",
    },
  },
}
`;
